2026-05-10 17:38:05,630 - ERROR - обть╨ё╠╗й╖╟эё╛в╢л╛бК: 418
2026-05-10 17:38:33,455 - ERROR - обть╨ё╠╗й╖╟эё╛в╢л╛бК: 418
2026-05-10 17:38:59,888 - ERROR - обть╨ё╠╗й╖╟эё╛в╢л╛бК: 418
2026-05-10 17:39:29,616 - ERROR - обть╨ё╠╗й╖╟эё╛в╢л╛бК: 418
2026-05-10 17:39:56,014 - ERROR - обть╨ё╠╗й╖╟эё╛в╢л╛бК: 418
2026-05-10 17:40:20,836 - ERROR - обть╨ё╠╗й╖╟эё╛в╢л╛бК: 418
2026-05-10 17:40:54,015 - ERROR - обть╨ё╠╗й╖╟эё╛в╢л╛бК: 418
2026-05-10 17:41:19,247 - ERROR - обть╨ё╠╗й╖╟эё╛в╢л╛бК: 418
2026-05-10 17:41:49,190 - ERROR - обть╨ё╠╗й╖╟эё╛в╢л╛бК: 418
2026-05-10 17:42:20,254 - ERROR - обть╨ё╠╗й╖╟эё╛в╢л╛бК: 418
2026-05-10 17:42:51,370 - ERROR - обть╨ё╠╗й╖╟эё╛в╢л╛бК: 418
2026-05-10 17:43:21,888 - ERROR - обть╨ё╠╗й╖╟эё╛в╢л╛бК: 418
2026-05-10 17:43:55,627 - ERROR - обть╨ё╠╗й╖╟эё╛в╢л╛бК: 418
2026-05-10 17:44:23,999 - ERROR - обть╨ё╠╗й╖╟эё╛в╢л╛бК: 418
2026-05-10 17:44:52,921 - ERROR - обть╨ё╠╗й╖╟эё╛в╢л╛бК: 418
2026-05-10 17:45:23,643 - ERROR - обть╨ё╠╗й╖╟эё╛в╢л╛бК: 418
2026-05-10 17:45:50,411 - ERROR - обть╨ё╠╗й╖╟эё╛в╢л╛бК: 418
2026-05-10 17:46:21,934 - ERROR - обть╨ё╠╗й╖╟эё╛в╢л╛бК: 418
2026-05-10 17:46:50,530 - ERROR - обть╨ё╠╗й╖╟эё╛в╢л╛бК: 418
2026-05-10 17:47:19,623 - ERROR - обть╨ё╠╗й╖╟эё╛в╢л╛бК: 418
2026-05-10 17:47:46,299 - ERROR - обть╨ё╠╗й╖╟эё╛в╢л╛бК: 418
2026-05-10 17:48:10,530 - ERROR - обть╨ё╠╗й╖╟эё╛в╢л╛бК: 418
2026-05-10 17:48:35,851 - ERROR - обть╨ё╠╗й╖╟эё╛в╢л╛бК: 418
2026-05-10 17:49:01,814 - ERROR - обть╨ё╠╗й╖╟эё╛в╢л╛бК: 418
2026-05-10 17:49:28,031 - ERROR - обть╨ё╠╗й╖╟эё╛в╢л╛бК: 418
2026-05-10 17:49:53,924 - ERROR - обть╨ё╠╗й╖╟эё╛в╢л╛бК: 418
2026-05-10 17:50:23,539 - ERROR - обть╨ё╠╗й╖╟эё╛в╢л╛бК: 418
2026-05-10 17:50:50,324 - ERROR - обть╨ё╠╗й╖╟эё╛в╢л╛бК: 418
2026-05-10 17:51:23,733 - ERROR - обть╨ё╠╗й╖╟эё╛в╢л╛бК: 418
2026-05-10 17:51:54,036 - ERROR - обть╨ё╠╗й╖╟эё╛в╢л╛бК: 418
2026-05-10 17:52:24,643 - ERROR - обть╨ё╠╗й╖╟эё╛в╢л╛бК: 418
2026-05-10 17:52:55,935 - ERROR - обть╨ё╠╗й╖╟эё╛в╢л╛бК: 418
2026-05-10 17:53:25,528 - ERROR - обть╨ё╠╗й╖╟эё╛в╢л╛бК: 418
2026-05-10 17:54:00,084 - ERROR - обть╨ё╠╗й╖╟эё╛в╢л╛бК: 418
2026-05-10 17:54:25,615 - ERROR - обть╨ё╠╗й╖╟эё╛в╢л╛бК: 418
2026-05-10 17:54:51,380 - ERROR - обть╨ё╠╗й╖╟эё╛в╢л╛бК: 418
2026-05-10 17:55:22,889 - ERROR - обть╨ё╠╗й╖╟эё╛в╢л╛бК: 418
2026-05-10 17:55:48,064 - ERROR - обть╨ё╠╗й╖╟эё╛в╢л╛бК: 418
2026-05-10 17:56:23,205 - ERROR - обть╨ё╠╗й╖╟эё╛в╢л╛бК: 418
2026-05-10 17:56:52,688 - ERROR - обть╨ё╠╗й╖╟эё╛в╢л╛бК: 418
2026-05-10 17:57:29,697 - ERROR - обть╨ё╠╗й╖╟эё╛в╢л╛бК: 418
2026-05-10 17:57:58,415 - ERROR - обть╨ё╠╗й╖╟эё╛в╢л╛бК: 418
2026-05-10 17:58:24,165 - ERROR - обть╨ё╠╗й╖╟эё╛в╢л╛бК: 418
2026-05-10 17:58:57,797 - ERROR - обть╨ё╠╗й╖╟эё╛в╢л╛бК: 418
2026-05-10 17:59:22,032 - ERROR - обть╨ё╠╗й╖╟эё╛в╢л╛бК: 418
2026-05-10 17:59:46,442 - ERROR - обть╨ё╠╗й╖╟эё╛в╢л╛бК: 418
2026-05-10 18:00:12,155 - ERROR - обть╨ё╠╗й╖╟эё╛в╢л╛бК: 418
2026-05-10 18:00:37,259 - ERROR - обть╨ё╠╗й╖╟эё╛в╢л╛бК: 418
2026-05-10 18:01:03,342 - ERROR - обть╨ё╠╗й╖╟эё╛в╢л╛бК: 418
2026-05-10 18:01:30,141 - ERROR - обть╨ё╠╗й╖╟эё╛в╢л╛бК: 418
2026-05-10 18:01:58,501 - ERROR - обть╨ё╠╗й╖╟эё╛в╢л╛бК: 418
2026-05-10 18:02:24,235 - ERROR - обть╨ё╠╗й╖╟эё╛в╢л╛бК: 418
2026-05-10 18:02:52,340 - ERROR - обть╨ё╠╗й╖╟эё╛в╢л╛бК: 418
2026-05-10 18:03:19,579 - ERROR - обть╨ё╠╗й╖╟эё╛в╢л╛бК: 418
2026-05-10 18:03:48,838 - ERROR - обть╨ё╠╗й╖╟эё╛в╢л╛бК: 418
2026-05-10 18:04:17,341 - ERROR - обть╨ё╠╗й╖╟эё╛в╢л╛бК: 418
2026-05-10 18:04:43,997 - ERROR - обть╨ё╠╗й╖╟эё╛в╢л╛бК: 418
2026-05-10 20:19:16,980 - WARNING - Retrying (Retry(total=2, connect=None, read=None, redirect=None, status=None)) after connection broken by 'ReadTimeoutError("HTTPConnectionPool(host='localhost', port=57405): Read timed out. (read timeout=120)")': /session/ac1633f18dd0608a0ff99ea44a4d1faf
2026-05-10 21:50:56,061 - WARNING - Retrying (Retry(total=2, connect=None, read=None, redirect=None, status=None)) after connection broken by 'ReadTimeoutError("HTTPConnectionPool(host='localhost', port=58708): Read timed out. (read timeout=120)")': /session/a735aa665f75e201d66040845a8e3ef0
2026-05-12 16:32:08,298 - ERROR - Г┼╤Ф─│Г═│И■≥Х╞╞О╪ 403О╪▄URLО╪ https://movie.douban.com/top250?start=0
2026-05-12 16:32:08,811 - ERROR - Г┼╤Ф─│Г═│И■≥Х╞╞О╪ 403О╪▄URLО╪ https://movie.douban.com/top250?start=0
2026-05-12 16:32:09,408 - ERROR - Г┼╤Ф─│Г═│И■≥Х╞╞О╪ 403О╪▄URLО╪ https://movie.douban.com/top250?start=0
2026-05-12 16:32:09,408 - ERROR - Г┬╛Е▐√Е╓╠Х╢╔О╪ https://movie.douban.com/top250?start=0
2026-05-12 16:32:09,977 - ERROR - Г┼╤Ф─│Г═│И■≥Х╞╞О╪ 403О╪▄URLО╪ https://movie.douban.com/top250?start=25
2026-05-12 16:32:10,568 - ERROR - Г┼╤Ф─│Г═│И■≥Х╞╞О╪ 403О╪▄URLО╪ https://movie.douban.com/top250?start=25
2026-05-12 16:32:11,111 - ERROR - Г┼╤Ф─│Г═│И■≥Х╞╞О╪ 403О╪▄URLО╪ https://movie.douban.com/top250?start=25
2026-05-12 16:32:11,112 - ERROR - Г┬╛Е▐√Е╓╠Х╢╔О╪ https://movie.douban.com/top250?start=25
2026-05-12 16:32:11,670 - ERROR - Г┼╤Ф─│Г═│И■≥Х╞╞О╪ 403О╪▄URLО╪ https://movie.douban.com/top250?start=50
2026-05-12 16:32:12,224 - ERROR - Г┼╤Ф─│Г═│И■≥Х╞╞О╪ 403О╪▄URLО╪ https://movie.douban.com/top250?start=50
2026-05-12 16:32:12,773 - ERROR - Г┼╤Ф─│Г═│И■≥Х╞╞О╪ 403О╪▄URLО╪ https://movie.douban.com/top250?start=50
2026-05-12 16:32:12,773 - ERROR - Г┬╛Е▐√Е╓╠Х╢╔О╪ https://movie.douban.com/top250?start=50
2026-05-12 16:32:13,315 - ERROR - Г┼╤Ф─│Г═│И■≥Х╞╞О╪ 403О╪▄URLО╪ https://movie.douban.com/top250?start=75
2026-05-12 16:32:13,864 - ERROR - Г┼╤Ф─│Г═│И■≥Х╞╞О╪ 403О╪▄URLО╪ https://movie.douban.com/top250?start=75
2026-05-12 16:32:14,434 - ERROR - Г┼╤Ф─│Г═│И■≥Х╞╞О╪ 403О╪▄URLО╪ https://movie.douban.com/top250?start=75
2026-05-12 16:32:14,434 - ERROR - Г┬╛Е▐√Е╓╠Х╢╔О╪ https://movie.douban.com/top250?start=75
2026-05-12 16:32:14,996 - ERROR - Г┼╤Ф─│Г═│И■≥Х╞╞О╪ 403О╪▄URLО╪ https://movie.douban.com/top250?start=100
2026-05-12 16:32:15,531 - ERROR - Г┼╤Ф─│Г═│И■≥Х╞╞О╪ 403О╪▄URLО╪ https://movie.douban.com/top250?start=100
2026-05-12 16:32:16,066 - ERROR - Г┼╤Ф─│Г═│И■≥Х╞╞О╪ 403О╪▄URLО╪ https://movie.douban.com/top250?start=100
2026-05-12 16:32:16,066 - ERROR - Г┬╛Е▐√Е╓╠Х╢╔О╪ https://movie.douban.com/top250?start=100
2026-05-12 16:32:16,634 - ERROR - Г┼╤Ф─│Г═│И■≥Х╞╞О╪ 403О╪▄URLО╪ https://movie.douban.com/top250?start=125
2026-05-12 16:32:17,213 - ERROR - Г┼╤Ф─│Г═│И■≥Х╞╞О╪ 403О╪▄URLО╪ https://movie.douban.com/top250?start=125
2026-05-12 16:32:17,751 - ERROR - Г┼╤Ф─│Г═│И■≥Х╞╞О╪ 403О╪▄URLО╪ https://movie.douban.com/top250?start=125
2026-05-12 16:32:17,752 - ERROR - Г┬╛Е▐√Е╓╠Х╢╔О╪ https://movie.douban.com/top250?start=125
2026-05-12 16:32:18,271 - ERROR - Г┼╤Ф─│Г═│И■≥Х╞╞О╪ 403О╪▄URLО╪ https://movie.douban.com/top250?start=150
2026-05-12 16:32:18,834 - ERROR - Г┼╤Ф─│Г═│И■≥Х╞╞О╪ 403О╪▄URLО╪ https://movie.douban.com/top250?start=150
2026-05-12 16:32:19,401 - ERROR - Г┼╤Ф─│Г═│И■≥Х╞╞О╪ 403О╪▄URLО╪ https://movie.douban.com/top250?start=150
2026-05-12 16:32:19,401 - ERROR - Г┬╛Е▐√Е╓╠Х╢╔О╪ https://movie.douban.com/top250?start=150
2026-05-12 16:32:19,939 - ERROR - Г┼╤Ф─│Г═│И■≥Х╞╞О╪ 403О╪▄URLО╪ https://movie.douban.com/top250?start=175
2026-05-12 16:32:20,533 - ERROR - Г┼╤Ф─│Г═│И■≥Х╞╞О╪ 403О╪▄URLО╪ https://movie.douban.com/top250?start=175
2026-05-12 16:32:21,107 - ERROR - Г┼╤Ф─│Г═│И■≥Х╞╞О╪ 403О╪▄URLО╪ https://movie.douban.com/top250?start=175
2026-05-12 16:32:21,107 - ERROR - Г┬╛Е▐√Е╓╠Х╢╔О╪ https://movie.douban.com/top250?start=175
2026-05-12 16:32:22,006 - ERROR - Г┼╤Ф─│Г═│И■≥Х╞╞О╪ 403О╪▄URLО╪ https://movie.douban.com/top250?start=200
2026-05-12 16:32:22,844 - ERROR - Г┼╤Ф─│Г═│И■≥Х╞╞О╪ 403О╪▄URLО╪ https://movie.douban.com/top250?start=200
2026-05-12 16:32:23,834 - ERROR - Г┼╤Ф─│Г═│И■≥Х╞╞О╪ 403О╪▄URLО╪ https://movie.douban.com/top250?start=200
2026-05-12 16:32:23,834 - ERROR - Г┬╛Е▐√Е╓╠Х╢╔О╪ https://movie.douban.com/top250?start=200
2026-05-12 16:32:24,336 - ERROR - Г┼╤Ф─│Г═│И■≥Х╞╞О╪ 403О╪▄URLО╪ https://movie.douban.com/top250?start=225
2026-05-12 16:32:24,910 - ERROR - Г┼╤Ф─│Г═│И■≥Х╞╞О╪ 403О╪▄URLО╪ https://movie.douban.com/top250?start=225
2026-05-12 16:32:25,396 - ERROR - Г┼╤Ф─│Г═│И■≥Х╞╞О╪ 403О╪▄URLО╪ https://movie.douban.com/top250?start=225
2026-05-12 16:32:25,396 - ERROR - Г┬╛Е▐√Е╓╠Х╢╔О╪ https://movie.douban.com/top250?start=225
2026-05-12 16:34:20,433 - ERROR - 403Х╒╚Ф▀╕Ф┬╙О╪▄Г╜┴Е╬┘ 5 Г╖▓Е░▌И┤█Х╞∙...
2026-05-12 16:34:25,951 - ERROR - 403Х╒╚Ф▀╕Ф┬╙О╪▄Г╜┴Е╬┘ 10 Г╖▓Е░▌И┤█Х╞∙...
2026-05-12 16:34:36,520 - ERROR - 403Х╒╚Ф▀╕Ф┬╙О╪▄Г╜┴Е╬┘ 15 Г╖▓Е░▌И┤█Х╞∙...
2026-05-12 16:34:51,533 - ERROR - Г┬╛Е▐√Е╓╠Х╢╔О╪ https://movie.douban.com/top250?start=0
2026-05-12 16:34:52,084 - ERROR - 403Х╒╚Ф▀╕Ф┬╙О╪▄Г╜┴Е╬┘ 5 Г╖▓Е░▌И┤█Х╞∙...
2026-05-12 16:34:57,636 - ERROR - 403Х╒╚Ф▀╕Ф┬╙О╪▄Г╜┴Е╬┘ 10 Г╖▓Е░▌И┤█Х╞∙...
2026-05-12 16:35:08,240 - ERROR - 403Х╒╚Ф▀╕Ф┬╙О╪▄Г╜┴Е╬┘ 15 Г╖▓Е░▌И┤█Х╞∙...
2026-05-12 16:35:23,247 - ERROR - Г┬╛Е▐√Е╓╠Х╢╔О╪ https://movie.douban.com/top250?start=25
2026-05-12 16:35:23,858 - ERROR - 403Х╒╚Ф▀╕Ф┬╙О╪▄Г╜┴Е╬┘ 5 Г╖▓Е░▌И┤█Х╞∙...
2026-05-12 16:35:29,492 - ERROR - 403Х╒╚Ф▀╕Ф┬╙О╪▄Г╜┴Е╬┘ 10 Г╖▓Е░▌И┤█Х╞∙...
2026-05-12 16:35:40,037 - ERROR - 403Х╒╚Ф▀╕Ф┬╙О╪▄Г╜┴Е╬┘ 15 Г╖▓Е░▌И┤█Х╞∙...
2026-05-12 16:47:57,174 - ERROR - 403Х╒╚Ф▀╕Ф┬╙О╪▄Г╜┴Е╬┘ 5 Г╖▓Е░▌И┤█Х╞∙...
2026-05-12 16:48:02,783 - ERROR - 403Х╒╚Ф▀╕Ф┬╙О╪▄Г╜┴Е╬┘ 10 Г╖▓Е░▌И┤█Х╞∙...
2026-05-12 16:48:13,355 - ERROR - 403Х╒╚Ф▀╕Ф┬╙О╪▄Г╜┴Е╬┘ 15 Г╖▓Е░▌И┤█Х╞∙...
2026-05-12 16:48:28,367 - ERROR - Г┬╛Е▐√Е╓╠Х╢╔О╪ https://movie.douban.com/top250?start=0
2026-05-12 16:48:28,923 - ERROR - 403Х╒╚Ф▀╕Ф┬╙О╪▄Г╜┴Е╬┘ 5 Г╖▓Е░▌И┤█Х╞∙...
2026-05-12 16:48:34,452 - ERROR - 403Х╒╚Ф▀╕Ф┬╙О╪▄Г╜┴Е╬┘ 10 Г╖▓Е░▌И┤█Х╞∙...
2026-05-12 16:48:45,107 - ERROR - 403Х╒╚Ф▀╕Ф┬╙О╪▄Г╜┴Е╬┘ 15 Г╖▓Е░▌И┤█Х╞∙...
2026-05-12 16:49:00,111 - ERROR - Г┬╛Е▐√Е╓╠Х╢╔О╪ https://movie.douban.com/top250?start=25
2026-05-12 16:49:00,671 - ERROR - 403Х╒╚Ф▀╕Ф┬╙О╪▄Г╜┴Е╬┘ 5 Г╖▓Е░▌И┤█Х╞∙...
2026-05-12 16:49:06,227 - ERROR - 403Х╒╚Ф▀╕Ф┬╙О╪▄Г╜┴Е╬┘ 10 Г╖▓Е░▌И┤█Х╞∙...
2026-05-12 16:49:16,819 - ERROR - 403Х╒╚Ф▀╕Ф┬╙О╪▄Г╜┴Е╬┘ 15 Г╖▓Е░▌И┤█Х╞∙...
2026-05-12 16:49:31,836 - ERROR - Г┬╛Е▐√Е╓╠Х╢╔О╪ https://movie.douban.com/top250?start=50
2026-05-12 16:49:32,452 - ERROR - 403Х╒╚Ф▀╕Ф┬╙О╪▄Г╜┴Е╬┘ 5 Г╖▓Е░▌И┤█Х╞∙...
2026-05-12 16:49:38,043 - ERROR - 403Х╒╚Ф▀╕Ф┬╙О╪▄Г╜┴Е╬┘ 10 Г╖▓Е░▌И┤█Х╞∙...
2026-05-12 16:49:48,673 - ERROR - 403Х╒╚Ф▀╕Ф┬╙О╪▄Г╜┴Е╬┘ 15 Г╖▓Е░▌И┤█Х╞∙...
2026-05-12 16:50:03,682 - ERROR - Г┬╛Е▐√Е╓╠Х╢╔О╪ https://movie.douban.com/top250?start=75
2026-05-12 16:50:04,218 - ERROR - 403Х╒╚Ф▀╕Ф┬╙О╪▄Г╜┴Е╬┘ 5 Г╖▓Е░▌И┤█Х╞∙...
2026-05-12 16:50:09,788 - ERROR - 403Х╒╚Ф▀╕Ф┬╙О╪▄Г╜┴Е╬┘ 10 Г╖▓Е░▌И┤█Х╞∙...
2026-05-12 16:50:20,375 - ERROR - 403Х╒╚Ф▀╕Ф┬╙О╪▄Г╜┴Е╬┘ 15 Г╖▓Е░▌И┤█Х╞∙...
2026-05-12 16:50:35,390 - ERROR - Г┬╛Е▐√Е╓╠Х╢╔О╪ https://movie.douban.com/top250?start=100
2026-05-12 16:50:36,139 - ERROR - 403Х╒╚Ф▀╕Ф┬╙О╪▄Г╜┴Е╬┘ 5 Г╖▓Е░▌И┤█Х╞∙...
2026-05-12 16:50:41,840 - ERROR - 403Х╒╚Ф▀╕Ф┬╙О╪▄Г╜┴Е╬┘ 10 Г╖▓Е░▌И┤█Х╞∙...
2026-05-12 16:50:52,525 - ERROR - 403Х╒╚Ф▀╕Ф┬╙О╪▄Г╜┴Е╬┘ 15 Г╖▓Е░▌И┤█Х╞∙...
2026-05-12 16:51:07,536 - ERROR - Г┬╛Е▐√Е╓╠Х╢╔О╪ https://movie.douban.com/top250?start=125
2026-05-12 16:51:08,166 - ERROR - 403Х╒╚Ф▀╕Ф┬╙О╪▄Г╜┴Е╬┘ 5 Г╖▓Е░▌И┤█Х╞∙...
2026-05-12 16:51:13,735 - ERROR - 403Х╒╚Ф▀╕Ф┬╙О╪▄Г╜┴Е╬┘ 10 Г╖▓Е░▌И┤█Х╞∙...
2026-05-12 16:51:24,497 - ERROR - 403Х╒╚Ф▀╕Ф┬╙О╪▄Г╜┴Е╬┘ 15 Г╖▓Е░▌И┤█Х╞∙...
2026-05-12 16:51:39,509 - ERROR - Г┬╛Е▐√Е╓╠Х╢╔О╪ https://movie.douban.com/top250?start=150
2026-05-12 16:51:40,103 - ERROR - 403Х╒╚Ф▀╕Ф┬╙О╪▄Г╜┴Е╬┘ 5 Г╖▓Е░▌И┤█Х╞∙...
2026-05-12 16:51:45,870 - ERROR - 403Х╒╚Ф▀╕Ф┬╙О╪▄Г╜┴Е╬┘ 10 Г╖▓Е░▌И┤█Х╞∙...
2026-05-12 16:51:56,454 - ERROR - 403Х╒╚Ф▀╕Ф┬╙О╪▄Г╜┴Е╬┘ 15 Г╖▓Е░▌И┤█Х╞∙...
2026-05-12 16:52:11,465 - ERROR - Г┬╛Е▐√Е╓╠Х╢╔О╪ https://movie.douban.com/top250?start=175
2026-05-12 16:52:12,007 - ERROR - 403Х╒╚Ф▀╕Ф┬╙О╪▄Г╜┴Е╬┘ 5 Г╖▓Е░▌И┤█Х╞∙...
2026-05-12 16:52:17,563 - ERROR - 403Х╒╚Ф▀╕Ф┬╙О╪▄Г╜┴Е╬┘ 10 Г╖▓Е░▌И┤█Х╞∙...
2026-05-12 16:52:54,494 - INFO - Г┬╛Е▐√Ф┬░Е┼÷О╪ https://movie.douban.com/top250?start=0
2026-05-12 16:52:57,006 - INFO - Г┬╛Е▐√Ф┬░Е┼÷О╪ https://movie.douban.com/top250?start=25
2026-05-12 16:53:00,150 - INFO - Г┬╛Е▐√Ф┬░Е┼÷О╪ https://movie.douban.com/top250?start=50
2026-05-12 16:53:04,096 - INFO - Г┬╛Е▐√Ф┬░Е┼÷О╪ https://movie.douban.com/top250?start=75
2026-05-12 16:53:08,636 - INFO - Г┬╛Е▐√Ф┬░Е┼÷О╪ https://movie.douban.com/top250?start=100
2026-05-12 16:53:12,852 - INFO - Г┬╛Е▐√Ф┬░Е┼÷О╪ https://movie.douban.com/top250?start=125
2026-05-12 16:53:17,641 - INFO - Г┬╛Е▐√Ф┬░Е┼÷О╪ https://movie.douban.com/top250?start=150
2026-05-12 16:53:22,453 - INFO - Г┬╛Е▐√Ф┬░Е┼÷О╪ https://movie.douban.com/top250?start=175
2026-05-12 16:53:27,454 - INFO - Г┬╛Е▐√Ф┬░Е┼÷О╪ https://movie.douban.com/top250?start=200
2026-05-12 16:53:30,608 - INFO - Г┬╛Е▐√Ф┬░Е┼÷О╪ https://movie.douban.com/top250?start=225
