2026-05-12 16:43:42 [scrapy.utils.log] INFO: Scrapy 2.13.4 started (bot: douban_scrapy)
2026-05-12 16:43:42 [scrapy.utils.log] INFO: Versions:
{'lxml': '6.1.0',
 'libxml2': '2.11.9',
 'cssselect': '1.3.0',
 'parsel': '1.10.0',
 'w3lib': '2.3.1',
 'Twisted': '25.5.0',
 'Python': '3.9.6 (tags/v3.9.6:db3ff76, Jun 28 2021, 15:26:21) [MSC v.1929 64 '
           'bit (AMD64)]',
 'pyOpenSSL': '26.0.0 (OpenSSL 3.5.6 7 Apr 2026)',
 'cryptography': '46.0.7',
 'Platform': 'Windows-10-10.0.26200-SP0'}
2026-05-12 16:43:42 [scrapy.addons] INFO: Enabled addons:
[]
2026-05-12 16:43:42 [scrapy.middleware] INFO: Enabled extensions:
['scrapy.extensions.corestats.CoreStats',
 'scrapy.extensions.logstats.LogStats',
 'scrapy.extensions.throttle.AutoThrottle']
2026-05-12 16:43:42 [scrapy.crawler] INFO: Overridden settings:
{'AUTOTHROTTLE_ENABLED': True,
 'AUTOTHROTTLE_MAX_DELAY': 5,
 'AUTOTHROTTLE_START_DELAY': 2,
 'BOT_NAME': 'douban_scrapy',
 'CONCURRENT_REQUESTS': 2,
 'COOKIES_ENABLED': False,
 'DOWNLOAD_DELAY': 3,
 'LOG_FILE': 'scrapy_crawl.log',
 'LOG_LEVEL': 'INFO',
 'NEWSPIDER_MODULE': 'douban_scrapy.spiders',
 'RETRY_HTTP_CODES': [403, 404, 500, 502, 503, 504],
 'RETRY_TIMES': 3,
 'ROBOTSTXT_OBEY': True,
 'SPIDER_MODULES': ['douban_scrapy.spiders'],
 'TELNETCONSOLE_ENABLED': False}
2026-05-12 16:43:43 [scrapy.middleware] INFO: Enabled downloader middlewares:
['scrapy.downloadermiddlewares.offsite.OffsiteMiddleware',
 'scrapy.downloadermiddlewares.robotstxt.RobotsTxtMiddleware',
 'scrapy.downloadermiddlewares.httpauth.HttpAuthMiddleware',
 'scrapy.downloadermiddlewares.downloadtimeout.DownloadTimeoutMiddleware',
 'scrapy.downloadermiddlewares.defaultheaders.DefaultHeadersMiddleware',
 'scrapy.downloadermiddlewares.retry.RetryMiddleware',
 'scrapy.downloadermiddlewares.redirect.MetaRefreshMiddleware',
 'scrapy.downloadermiddlewares.httpcompression.HttpCompressionMiddleware',
 'scrapy.downloadermiddlewares.redirect.RedirectMiddleware',
 'scrapy.downloadermiddlewares.httpproxy.HttpProxyMiddleware',
 'scrapy.downloadermiddlewares.stats.DownloaderStats']
2026-05-12 16:43:43 [scrapy.middleware] INFO: Enabled spider middlewares:
['scrapy.spidermiddlewares.start.StartSpiderMiddleware',
 'scrapy.spidermiddlewares.httperror.HttpErrorMiddleware',
 'scrapy.spidermiddlewares.referer.RefererMiddleware',
 'scrapy.spidermiddlewares.urllength.UrlLengthMiddleware',
 'scrapy.spidermiddlewares.depth.DepthMiddleware']
2026-05-12 16:43:43 [twisted] CRITICAL: Unhandled error in Deferred:
2026-05-12 16:43:43 [twisted] CRITICAL: 
Traceback (most recent call last):
  File "c:\users\lenovo\appdata\local\programs\python\python39\lib\site-packages\scrapy\utils\misc.py", line 74, in load_object
    obj = getattr(mod, name)
AttributeError: module 'douban_scrapy.pipelines' has no attribute 'DoubanScrapyPipeline'

During handling of the above exception, another exception occurred:

Traceback (most recent call last):
  File "c:\users\lenovo\appdata\local\programs\python\python39\lib\site-packages\twisted\internet\defer.py", line 1857, in _inlineCallbacks
    result = context.run(gen.send, result)
  File "c:\users\lenovo\appdata\local\programs\python\python39\lib\site-packages\scrapy\crawler.py", line 156, in crawl
    self.engine = self._create_engine()
  File "c:\users\lenovo\appdata\local\programs\python\python39\lib\site-packages\scrapy\crawler.py", line 169, in _create_engine
    return ExecutionEngine(self, lambda _: self.stop())
  File "c:\users\lenovo\appdata\local\programs\python\python39\lib\site-packages\scrapy\core\engine.py", line 114, in __init__
    self.scraper: Scraper = Scraper(crawler)
  File "c:\users\lenovo\appdata\local\programs\python\python39\lib\site-packages\scrapy\core\scraper.py", line 107, in __init__
    self.itemproc: ItemPipelineManager = itemproc_cls.from_crawler(crawler)
  File "c:\users\lenovo\appdata\local\programs\python\python39\lib\site-packages\scrapy\middleware.py", line 77, in from_crawler
    return cls._from_settings(crawler.settings, crawler)
  File "c:\users\lenovo\appdata\local\programs\python\python39\lib\site-packages\scrapy\middleware.py", line 86, in _from_settings
    mwcls = load_object(clspath)
  File "c:\users\lenovo\appdata\local\programs\python\python39\lib\site-packages\scrapy\utils\misc.py", line 76, in load_object
    raise NameError(f"Module '{module}' doesn't define any object named '{name}'")
NameError: Module 'douban_scrapy.pipelines' doesn't define any object named 'DoubanScrapyPipeline'
